	cl -Zdp -Gs -c -DIS_32 -Zl -DDEBLEVEL=1 -DDEBUG -Foatk4.obj atk4.c
atk4.c
D:\DDK\inc32\shell.h(290) : warning C4229: anachronism used : modifiers on data are ignored
D:\DDK\inc32\shell.h(292) : warning C4229: anachronism used : modifiers on data are ignored
D:\DDK\inc32\shell.h(299) : warning C4229: anachronism used : modifiers on data are ignored
atk4.c(260) : warning C4047: '=' : 'unsigned long ' differs in levels of indirection from 'unsigned char *'
atk4.c(395) : warning C4047: '=' : 'unsigned long ' differs in levels of indirection from 'unsigned char *'
atk4.c(871) : warning C4047: '=' : 'unsigned long ' differs in levels of indirection from 'void (__cdecl *)(void )'
atk4.c(1453) : warning C4761: integral size mismatch in argument; conversion supplied
atk4.c(1454) : warning C4761: integral size mismatch in argument; conversion supplied
atk4.c(1482) : warning C4761: integral size mismatch in argument; conversion supplied
	ml -coff -DBLD_COFF -DIS_32 -W2 -Zd -c -Cx -DMASM6 -DDEBLEVEL=1 -DDEBUG -Fodeclare.obj declare.asm
 Assembling: declare.asm
	echo >NUL @atk4.crf
	link @atk4.crf
Microsoft (R) 32-Bit Incremental Linker Version 5.00.7022
Copyright (C) Microsoft Corp 1992-1997. All rights reserved.

-MACHINE:i386 -DEBUG:NONE -PDB:NONE 
-DEF:atk4.def -OUT:atk4.vxd -MAP:atk4.map 
-VXD vxdwraps.clb atk4.obj declare.obj 
LINK : warning LNK4078: multiple "LCODE_vxdpn" sections found with different attributes (C0000040)
LINK : warning LNK4078: multiple "LCODE_vxdpn" sections found with different attributes (C0000040)
LINK : warning LNK4078: multiple "LCODE_vxdpn" sections found with different attributes (40000040)
LINK : warning LNK4078: multiple "LCODE_vxdpn" sections found with different attributes (C0000040)
	mapsym atk4
Microsoft (R) Symbol File Generator  Version 6.00
Copyright (C) Microsoft Corp 1984 - 1995.  All rights reserved.
Line number support enabled
Program entry point at 0000:0000
	copy atk4.vxd c:\windows\system
        0 file(s) copied.
